// Jest Snapshot v1, https://goo.gl/fbAQLP

exports[`Register component MyComponent renders with default props 1`] = `
<DocumentFragment>
  <section>
    <ul
      class="emoji-list"
      role="feedback-section"
    >
      <li
        data-testid="emoji-list-li"
        role="emoji"
      >
        <p
          class="emoji-wrapper"
          data-testid="emoji-wrapper"
        >
          <span
            class="emoji"
          >
            👍
          </span>
          <span
            class="tooltip"
            data-testid="emoji-tooltip"
          >
            Like
          </span>
        </p>
      </li>
      <li
        data-testid="emoji-list-li"
        role="emoji"
      >
        <p
          class="emoji-wrapper"
          data-testid="emoji-wrapper"
        >
          <span
            class="emoji"
          >
            🤔
          </span>
          <span
            class="tooltip"
            data-testid="emoji-tooltip"
          >
            Nuetral
          </span>
        </p>
      </li>
      <li
        data-testid="emoji-list-li"
        role="emoji"
      >
        <p
          class="emoji-wrapper"
          data-testid="emoji-wrapper"
        >
          <span
            class="emoji"
          >
            👎
          </span>
          <span
            class="tooltip"
            data-testid="emoji-tooltip"
          >
            Dislike
          </span>
        </p>
      </li>
    </ul>
  </section>
</DocumentFragment>
`;
